// Jest Snapshot v1, https://goo.gl/fbAQLP

exports[`Footer Snapshot should render the Footer component 1`] = `
<DocumentFragment>
  <footer
    class="footer "
  >
    <p>
      @Artifact.com 2021
    </p>
  </footer>
</DocumentFragment>
`;
